```==================== .D.TS ====================

// @isolatedDeclarations: true
export declare class Foo {
    private prop;
    constructor(prop: string);
}
export declare class Bar {
    private prop;
    constructor(prop: string);
}
export declare class Baz {
    readonly prop: any;
    constructor(prop: string);
}


