```==================== .D.TS ====================

export declare class Object {
    constructor(values: {
    }, { a, b }?: {
        a?: A;
        b?: B;
    });
    method(values: {
    }, { a, b }?: {
        a?: A;
        b?: B;
    }, value?: number);
}


==================== Errors ====================
class-params-initializers.ts(180..186) TS9008: Method must have an explicit return type annotation with --isolatedDeclarations.


```
