```==================== .D.TS ====================

export declare class A {
    private p1;
    private constructor();
    private accessor myProperty: typeof A_SYMBOL;
    private func1;
}
export declare class B {
    private a;
    private constructor();
}
export declare class C {
    #private;
}


