```==================== .D.TS ====================

export declare const foo: {
    x: string;
    y: string;
    z: string;
    readonly w: string;
};
export declare class Foo {
    get x(): string;
    // inferred type by annotating the setter parameter
    set x(value: string);
    set y(value: string);
    // inferred type by annotating the getter return type
    get y(): string;
    set z(value: string);
    // inferred type by inferring the getter body
    get z(): string;
    // readonly
    get w(): string;
}


