```==================== .D.TS ====================

// Test module to namespace conversion
export declare namespace Foo {
    var a: number;
    function bar(): void;
}
// Nested modules
export declare namespace Outer {
    namespace Inner {
        var x: number;
    }
}
// Should preserve namespace as-is
export declare namespace Baz {
    var c: number;
}
// Should preserve global as-is
declare global {
    interface GlobalTest {
    }
}
// Should preserve string modules as-is
declare module "test-module" {
    var d = 4;
}


