```==================== .D.TS ====================

export declare function foo(): void;
export declare const bar: () => void;
export declare namespace NS {
    export const goo: () => void;
}
export declare namespace foo {
    export let baz: number;
}
declare function qux(): void;
declare namespace qux {
    export let woo: number;
}
export default qux;


