```==================== .D.TS ====================

export declare function A(): void;
export declare function B(): (() => void) | undefined;
export declare function C(x: string): void;
export declare function C(x: number): void;
declare function D(a: any, b: any): void;
declare function E(a: number, b: string);


==================== Errors ====================
[$DIR/tests/fixture/function-signatures.ts][450..451] unable to infer type, falling back to any type
[$DIR/tests/fixture/function-signatures.ts][453..454] unable to infer type, falling back to any type


```
