```==================== .D.TS ====================

declare const [A, B];
export declare function foo(): number;
declare const { c, d };
declare const [e];
export { c, d, e };
export declare const { f, g };


==================== Errors ====================
[$DIR/tests/fixture/non-exported-binding-elements.ts][18..36] unable to infer type from expression or declaration
[$DIR/tests/fixture/non-exported-binding-elements.ts][106..131] unable to infer type from expression or declaration
[$DIR/tests/fixture/non-exported-binding-elements.ts][139..150] unable to infer type from expression or declaration
[$DIR/tests/fixture/non-exported-binding-elements.ts][185..210] unable to infer type from expression or declaration


```
