  [31m×[0m test
   ╭────
 [2m1[0m │ 123456789
   · [35;1m─┬─[0m[33;1m─[0m
   ·  [35;1m╰── [35;1mlabel[0m[0m
   ╰────
[36m  help: [0mhelp1111

Warning:   [33m⚠[0m sub1
   ╭────
 [2m1[0m │ 123456789
   · [35;1m      ─[0m
   ╰────
Warning:   [33m⚠[0m sub2
   ╭────
 [2m1[0m │ 123456789
   · [35;1m     ──[0m
   ╰────
